---
source: src/helix/endpoints/eventsub/delete_eventsub_subscription.rs
expression: response.data
---
Success
