---
source: src/helix/endpoints/eventsub/delete_conduit.rs
expression: uri
---
https://api.twitch.tv/helix/eventsub/conduits?id=bfcfc993-26b1-b876-44d9-afe75a379dac
