---
source: src/helix/endpoints/eventsub/delete_conduit.rs
expression: response.data
---
Success
