---
source: src/helix/endpoints/eventsub/get_conduits.rs
expression: uri
---
https://api.twitch.tv/helix/eventsub/conduits?
