---
source: src/helix/endpoints/eventsub/create_conduit.rs
expression: uri
---
https://api.twitch.tv/helix/eventsub/conduits?
