---
source: src/helix/endpoints/eventsub/get_eventsub_subscriptions.rs
expression: uri
---
https://api.twitch.tv/helix/eventsub/subscriptions?
