---
source: src/helix/endpoints/eventsub/get_conduits.rs
expression: response.data
---
[
    Conduit {
        id: "26b1c993-bfcf-44d9-b876-379dacafe75a",
        shard_count: 15,
    },
    Conduit {
        id: "bfcfc993-26b1-b876-44d9-afe75a379dac",
        shard_count: 5,
    },
]
