---
source: src/helix/endpoints/eventsub/create_eventsub_subscription.rs
expression: uri
---
https://api.twitch.tv/helix/eventsub/subscriptions?
